var textarea = $('.term');
var speed = 20; //Writing speed in milliseconds
var text = 'sh skara_2k23.sh';

var i = 0;

runner();

function runner() {
  textarea.append(text.charAt(i));
  i++;
  setTimeout(
    function() {
      if (i < text.length)
        runner();
      else {
        textarea.append("<br>")
        i = 0;
        setTimeout(function() {feedbacker();}, 100);
      }
    }, Math.floor(Math.random() * 220) + 50);
}

var count = 0;
var time = 1;
function feedbacker() {
  textarea.append("[    " + count / 1000 + "] " + output[i] + "<br>");
  if (time % 2 == 0) {
    i++;
    textarea.append("[    " + count / 1000 + "] " + output[i] + "<br>");
  }
  if (time == 3) {
    i++;
    textarea.append("[    " + count / 1000 + "] " + output[i] + "<br>");
    i++;
    textarea.append("[    " + count / 1000 + "] " + output[i] + "<br>");
    i++;
    textarea.append("[    " + count / 1000 + "] " + output[i] + "<br>");
  }
  window.scrollTo(0, document.body.scrollHeight);  
  i++;
  time = Math.floor(Math.random() * 4) + 1;
  count += time;
  setTimeout(
    function() {
      if (i < output.length - 2)
        feedbacker();
      else {
        textarea.append("<br>Initialising...<br>");
        setTimeout(function() {$(".load").fadeOut(1000);location.href="Home.html";}, 300);
      }
    },time);
}




var output = ["CPU0 microcode updated early to revision 0x1b, date = 2014-05-29",
"Initializing cgroup subsys cpuset",
"Initializing cgroup subsys cpu",
"Initializing cgroup subsys cpuacct",
"Command line: BOOT_IMAGE=/vmlinuz-3.19.0-21-generic.efi.signed root=UUID=14ac372e-6980-4fe8-b247-fae92d54b0c5 ro quiet splash acpi_enforce_resources=lax intel_pstate=enable rcutree.rcu_idle_gp_delay=1 nouveau.runpm=0 vt.handoff=7",
"KERNEL supported cpus:",
"  Intel GenuineIntel",
"  AMD AuthenticAMD",
"  Centaur CentaurHauls",
"e820: BIOS-provided physical RAM map:",
"BIOS-e820: [mem 0x0000000000000000-0x000000000009dfff] usable",
"BIOS-e820: [mem 0x000000000009e000-0x000000000009ffff] reserved",
"BIOS-e820: [mem 0x0000000000100000-0x000000001fffffff] usable",
"BIOS-e820: [mem 0x0000000020000000-0x00000000201fffff] reserved",
"BIOS-e820: [mem 0x0000000020200000-0x0000000040003fff] usable",
"BIOS-e820: [mem 0x0000000040004000-0x0000000040004fff] reserved",
"BIOS-e820: [mem 0x0000000040005000-0x00000000c9746fff] usable",
"BIOS-e820: [mem 0x00000000c9747000-0x00000000c9d47fff] ACPI NVS",
"BIOS-e820: [mem 0x00000000c9d48000-0x00000000c9d4afff] type 20",
"BIOS-e820: [mem 0x00000000c9d4b000-0x00000000c9d60fff] usable",
"BIOS-e820: [mem 0x00000000c9d61000-0x00000000c9d66fff] type 20",
"BIOS-e820: [mem 0x00000000c9d67000-0x00000000c9d68fff] usable",
"BIOS-e820: [mem 0x00000000c9d69000-0x00000000c9d72fff] type 20",
"BIOS-e820: [mem 0x00000000c9d73000-0x00000000c9f06fff] usable",
"BIOS-e820: [mem 0x00000000c9f07000-0x00000000c9f0afff] type 20",
"BIOS-e820: [mem 0x00000000c9f0b000-0x00000000c9f53fff] usable",
"BIOS-e820: [mem 0x00000000c9f54000-0x00000000c9f5afff] type 20",
"BIOS-e820: [mem 0x00000000c9f5b000-0x00000000c9f67fff] reserved",
"BIOS-e820: [mem 0x00000000c9f68000-0x00000000c9f79fff] type 20",
"NX (Execute Disable) protection: active",
"efi: EFI v2.31 by American Megatrends",
"efi:  ACPI=0xca852000  ACPI 2.0=0xca852000  SMBIOS=0xca100398 ",
"efi: mem00: [Conventional Memory|   |  |  |  |   |WB|WT|WC|UC] range=[0x0000000000000000-0x000000000005f000) (0MB)",
"efi: mem01: [Boot Data          |   |  |  |  |   |WB|WT|WC|UC] range=[0x000000000005f000-0x0000000000060000) (0MB)",
"efi: mem02: [Conventional Memory|   |  |  |  |   |WB|WT|WC|UC] range=[0x0000000000060000-0x000000000009e000) (0MB)",
"efi: mem03: [Reserved           |   |  |  |  |   |WB|WT|WC|UC] range=[0x000000000009e000-0x00000000000a0000) (0MB)",
"efi: mem04: [Conventional Memory|   |  |  |  |   |WB|WT|WC|UC] range=[0x0000000000100000-0x0000000001000000) (15MB)",
"efi: mem05: [Loader Data        |   |  |  |  |   |WB|WT|WC|UC] range=[0x0000000001000000-0x00000000024e6000) (20MB)",
"  5 base 0CC000000 mask FFC000000 uncachable",
"  6 base 0CBC00000 mask FFFC00000 uncachable",
"  7 base 42F800000 mask FFF800000 uncachable",
"  8 base 42F400000 mask FFFC00000 uncachable",
"  9 base 42F200000 mask FFFE00000 uncachable",
"PAT configuration [0-7]: WB  WC  UC- UC  WB  WC  UC- UC  ",
"original variable MTRRs",
"reg 0, base: 0GB, range: 16GB, type WB",
"reg 1, base: 16GB, range: 512MB, type WB",
"reg 2, base: 16896MB, range: 256MB, type WB",
"reg 3, base: 3584MB, range: 512MB, type UC",
"reg 4, base: 3328MB, range: 256MB, type UC",
"reg 5, base: 3264MB, range: 64MB, type UC",
"reg 6, base: 3260MB, range: 4MB, type UC",
"reg 7, base: 17144MB, range: 8MB, type UC",
"reg 8, base: 17140MB, range: 4MB, type UC",
"reg 9, base: 17138MB, range: 2MB, type UC",
"total RAM covered: 16302M",
" gran_size: 64K  chunk_size: 64K   num_reg: 10   lose cover RAM: 242M",
" gran_size: 64K  chunk_size: 128K  num_reg: 10   lose cover RAM: 242M",
" gran_size: 64K  chunk_size: 256K  num_reg: 10   lose cover RAM: 242M",
" gran_size: 64K  chunk_size: 512K  num_reg: 10   lose cover RAM: 242M",
" gran_size: 64K  chunk_size: 1M  num_reg: 10   lose cover RAM: 242M",
" gran_size: 64K  chunk_size: 2M  num_reg: 10   lose cover RAM: 242M",
" gran_size: 64K  chunk_size: 4M  num_reg: 10   lose cover RAM: 242M",
" gran_size: 64K  chunk_size: 8M  num_reg: 10   lose cover RAM: 50M",
"please specify mtrr_gran_size/mtrr_chunk_size",
"e820: update [mem 0xcbc00000-0xffffffff] usable ==> reserved",
"e820: last_pfn = 0xcb000 max_arch_pfn = 0x400000000",
"Scanning 1 areas for low memory corruption",
"Base memory trampoline at [ffff880000098000] 98000 size 24576",
"init_memory_mapping: [mem 0x00000000-0x000fffff]",
" [mem 0x00000000-0x000fffff] page 4k",
"BRK [0x01fe5000, 0x01fe5fff] PGTABLE",
"BRK [0x01fe6000, 0x01fe6fff] PGTABLE",
"BRK [0x01fe7000, 0x01fe7fff] PGTABLE",
"init_memory_mapping: [mem 0x42f000000-0x42f1fffff]",
" [mem 0x42f000000-0x42f1fffff] page 2M",
"BRK [0x01fe8000, 0x01fe8fff] PGTABLE",
"init_memory_mapping: [mem 0x420000000-0x42effffff]",
" [mem 0x420000000-0x42effffff] page 2M",
"init_memory_mapping: [mem 0x400000000-0x41fffffff]",
" [mem 0x400000000-0x41fffffff] page 2M",
"init_memory_mapping: [mem 0x00100000-0x1fffffff]",
" [mem 0x00100000-0x001fffff] page 4k",
" [mem 0x00200000-0x1fffffff] page 2M",
"init_memory_mapping: [mem 0x20200000-0x40003fff]",
" [mem 0x20200000-0x3fffffff] page 2M",
" [mem 0x40000000-0x40003fff] page 4k",
"BRK [0x01fe9000, 0x01fe9fff] PGTABLE",
"BRK [0x01fea000, 0x01feafff] PGTABLE",
"init_memory_mapping: [mem 0x40005000-0xc9746fff]",
" [mem 0x40005000-0x401fffff] page 4k",
" [mem 0x40200000-0xc95fffff] page 2M",
" [mem 0xc9600000-0xc9746fff] page 4k",
"init_memory_mapping: [mem 0xc9d4b000-0xc9d60fff]",
" [mem 0xc9d4b000-0xc9d60fff] page 4k",
"init_memory_mapping: [mem 0xc9d67000-0xc9d68fff]",
" [mem 0xc9d67000-0xc9d68fff] page 4k",
"init_memory_mapping: [mem 0xc9d73000-0xc9f06fff]",
" [mem 0xc9d73000-0xc9f06fff] page 4k",
"init_memory_mapping: [mem 0xc9f0b000-0xc9f53fff]",
" [mem 0xc9f0b000-0xc9f53fff] page 4k",
"init_memory_mapping: [mem 0xc9f7a000-0xc9f7cfff]",
" [mem 0xc9f7a000-0xc9f7cfff] page 4k",
"init_memory_mapping: [mem 0xc9f7f000-0xc9f95fff]",
" [mem 0xc9f7f000-0xc9f95fff] page 4k",
"init_memory_mapping: [mem 0xc9f9c000-0xc9fa3fff]",
" [mem 0xc9f9c000-0xc9fa3fff] page 4k",
"init_memory_mapping: [mem 0xc9fa5000-0xc9fb3fff]",
" [mem 0xc9fa5000-0xc9fb3fff] page 4k",
"init_memory_mapping: [mem 0xc9fb5000-0xc9fbffff]",
" [mem 0xc9fb5000-0xc9fbffff] page 4k",
"init_memory_mapping: [mem 0xc9fc5000-0xc9ff0fff]",
" [mem 0xc9fc5000-0xc9ff0fff] page 4k",
"init_memory_mapping: [mem 0xc9ff2000-0xca001fff]",
" [mem 0xc9ff2000-0xca001fff] page 4k",
"init_memory_mapping: [mem 0xca029000-0xca03cfff]",
" [mem 0xca029000-0xca03cfff] page 4k",
"init_memory_mapping: [mem 0xca03e000-0xca03efff]",
" [mem 0xca03e000-0xca03efff] page 4k",
"init_memory_mapping: [mem 0xca041000-0xca041fff]",
" [mem 0xca041000-0xca041fff] page 4k",
"init_memory_mapping: [mem 0xca047000-0xca05dfff]",
" [mem 0xca047000-0xca05dfff] page 4k",
"init_memory_mapping: [mem 0xca887000-0xca887fff]",
" [mem 0xca887000-0xca887fff] page 4k",
"init_memory_mapping: [mem 0xca8cb000-0xcacd7fff]",
" [mem 0xca8cb000-0xca9fffff] page 4k",
" [mem 0xcaa00000-0xcabfffff] page 2M",
" [mem 0xcac00000-0xcacd7fff] page 4k",
"init_memory_mapping: [mem 0xcaff4000-0xcaffffff]",
" [mem 0xcaff4000-0xcaffffff] page 4k",
"init_memory_mapping: [mem 0x100000000-0x3ffffffff]",
" [mem 0x100000000-0x3ffffffff] page 2M",
"RAMDISK: [mem 0x357f2000-0x36bf0fff]",
"ACPI: Early table checksum verification disabled",
"ACPI: RSDP 0x00000000CA852000 000024 (v02 _ASUS_)",
"ACPI: XSDT 0x00000000CA852080 000084 (v01 _ASUS_ Notebook 01072009 AMI  00010013)",
"ACPI: FACP 0x00000000CA865DF0 00010C (v05 _ASUS_ Notebook 01072009 AMI  00010013)",
"ACPI: DSDT 0x00000000CA852190 013C5A (v02 _ASUS_ Notebook 00000013 INTL 20091112)",
"ACPI: FACS 0x00000000CA87F080 000040",
"ACPI: APIC 0x00000000CA865F00 000092 (v03 _ASUS_ Notebook 01072009 AMI  00010013)",
"ACPI: FPDT 0x00000000CA865F98 000044 (v01 _ASUS_ Notebook 01072009 AMI  00010013)",
"ACPI: ECDT 0x00000000CA865FE0 0000C1 (v01 _ASUS_ Notebook 01072009 AMI. 00000005)",
"ACPI: MCFG 0x00000000CA8660A8 00003C (v01 _ASUS_ Notebook 01072009 MSFT 00000097)",
"ACPI: HPET 0x00000000CA8660E8 000038 (v01 _ASUS_ Notebook 01072009 AMI. 00000005)",
"ACPI: SSDT 0x00000000CA866120 000632 (v01 AhciR1 AhciTab1 00001000 INTL 20091112)",
"ACPI: SSDT 0x00000000CA866758 00049E (v01 AhciR2 AhciTab2 00001000 INTL 20091112)",
"ACPI: SSDT 0x00000000CA866BF8 00094C (v01 PmRef  Cpu0Ist  00003000 INTL 20051117)",
"ACPI: SSDT 0x00000000CA867548 000B18 (v01 PmRef  CpuPm    00003000 INTL 20051117)",
"ACPI: BGRT 0x00000000CA868060 000038 (v00 _ASUS_ Notebook 01072009 ASUS 00010013)",
"ACPI: MSDM 0x00000000CA601E18 000055 (v03 _ASUS_ Notebook 00000000 ASUS 00000001)",
"ACPI: Local APIC address 0xfee00000",
"No NUMA configuration found",
"Faking a node at [mem 0x0000000000000000-0x000000042f1fffff]",
"NODE_DATA(0) allocated [mem 0x42f1e6000-0x42f1eafff]",
" [ffffea0000000000-ffffea0010bfffff] PMD -> [ffff88041e800000-ffff88042e7fffff] on node 0",
"Zone ranges:",
"  DMA      [mem 0x00001000-0x00ffffff]",
"  DMA32    [mem 0x01000000-0xffffffff]",
"  Normal   [mem 0x100000000-0x42f1fffff]",
"Movable zone start for each node",
"Initmem setup node 0 [mem 0x00001000-0x42f1fffff]",
"On node 0 totalpages: 4165015",
"  DMA zone: 64 pages used for memmap",
"  DMA zone: 24 pages reserved",
"  DMA zone: 3997 pages, LIFO batch:0",
"  DMA32 zone: 12848 pages used for memmap",
"  DMA32 zone: 822266 pages, LIFO batch:31",
"  Normal zone: 52168 pages used for memmap",
"  Normal zone: 3338752 pages, LIFO batch:31",
"Reserving Intel graphics stolen memory at 0xcbe00000-0xcfdfffff",
"ACPI: PM-Timer IO Port: 0x408",
"ACPI: Local APIC address 0xfee00000",
"ACPI: LAPIC (acpi_id[0x01] lapic_id[0x00] enabled)",
"ACPI: LAPIC (acpi_id[0x02] lapic_id[0x02] enabled)",
"ACPI: LAPIC (acpi_id[0x03] lapic_id[0x04] enabled)",
"ACPI: LAPIC (acpi_id[0x04] lapic_id[0x06] enabled)",
"ACPI: LAPIC (acpi_id[0x05] lapic_id[0x01] enabled)",
"ACPI: LAPIC (acpi_id[0x06] lapic_id[0x03] enabled)",
"ACPI: LAPIC (acpi_id[0x07] lapic_id[0x05] enabled)",
"ACPI: LAPIC (acpi_id[0x08] lapic_id[0x07] enabled)",
"CPU3 microcode updated early to revision 0x1b, date = 2014-05-29",
" #4 #5 #6 #7",
"x86: Booted up 1 node, 8 CPUs",
"smpboot: Total of 8 processors activated (38312.68 BogoMIPS)",
"devtmpfs: initialized",
"evm: security.selinux",
"evm: security.SMACK64",
"evm: security.SMACK64EXEC",
"evm: security.SMACK64TRANSMUTE",
"evm: security.SMACK64MMAP",
"evm: security.ima",
"evm: security.capability",
"PM: Registering ACPI NVS region [mem 0xc9747000-0xc9d47fff] (6295552 bytes)",
"PM: Registering ACPI NVS region [mem 0xca602000-0xca881fff] (2621440 bytes)",
"PM: Registering ACPI NVS region [mem 0xca888000-0xca8cafff] (274432 bytes)",
"pinctrl core: initialized pinctrl subsystem",
"RTC time:  5:41:44, date: 07/10/15",
"NET: Registered protocol family 16",
"cpuidle: using governor ladder",
"cpuidle: using governor menu",
"ACPI FADT declares the system doesn't support PCIe ASPM, so disable it",
"ACPI: bus type PCI registered",
"acpiphp: ACPI Hot Plug PCI Controller Driver version: 0.5",
"PCI: MMCONFIG for domain 0000 [bus 00-3f] at [mem 0xf8000000-0xfbffffff] (base 0xf8000000)",
"PCI: MMCONFIG at [mem 0xf8000000-0xfbffffff] reserved in E820",
"PCI: Using configuration type 1 for base access",
"ACPI: Added _OSI(Module Device)",
"ACPI: Added _OSI(Processor Device)",
"ACPI: Added _OSI(3.0 _SCP Extensions)",
"ACPI: Added _OSI(Processor Aggregator Device)",
"ACPI : EC: EC description table is found, configuring boot EC",
"ACPI: Executed 1 blocks of module-level executable AML code",
"[Firmware Bug]: ACPI: BIOS _OSI(Linux) query ignored",
"ACPI: Dynamic OEM Table Load:",
"ACPI: SSDT 0xFFFF88041C049000 000853 (v01 PmRef  Cpu0Cst  00003001 INTL 20051117)",
"ACPI: Dynamic OEM Table Load:",
"ACPI: SSDT 0xFFFF88041C7D4C00 000303 (v01 PmRef  ApIst    00003000 INTL 20051117)",
"ACPI: Dynamic OEM Table Load:",
"ACPI: SSDT 0xFFFF88041C7DB200 000119 (v01 PmRef  ApCst    00003000 INTL 20051117)",
"ACPI: Interpreter enabled",
"ACPI Exception: AE_NOT_FOUND, While evaluating Sleep State [\_S1_] (20141107/hwxface-580)",
"ACPI Exception: AE_NOT_FOUND, While evaluating Sleep State [\_S2_] (20141107/hwxface-580)",
"ACPI: (supports S0 S3 S4 S5)",
"ACPI: Using IOAPIC for interrupt routing",
"PCI: Using host bridge windows from ACPI; if necessary, use \"pci=nocrs\" and report a bug",
"ACPI: PCI Root Bridge [PCI0] (domain 0000 [bus 00-3e])",
"acpi PNP0A08:00: _OSC: OS supports [ExtendedConfig ASPM ClockPM Segments MSI]",
"acpi PNP0A08:00: _OSC: platform does not support [PCIeHotplug PME]",
"acpi PNP0A08:00: _OSC: OS now controls [AER PCIeCapability]",
"acpi PNP0A08:00: FADT indicates ASPM is unsupported, using BIOS configuration",
"PCI host bridge to bus 0000:00",
"pci_bus 0000:00: root bus resource [bus 00-3e]",
"pci_bus 0000:00: root bus resource [io  0x0000-0x0cf7]",
"pci_bus 0000:00: root bus resource [io  0x0d00-0xffff]",
"pci_bus 0000:00: root bus resource [mem 0x000a0000-0x000bffff]",
"pci_bus 0000:00: root bus resource [mem 0x000c0000-0x000c3fff]",
"pci_bus 0000:00: root bus resource [mem 0x000c4000-0x000c7fff]",
"pci_bus 0000:00: root bus resource [mem 0x000c8000-0x000cbfff]",
"pci_bus 0000:00: root bus resource [mem 0x000cc000-0x000cffff]",
"pci_bus 0000:00: root bus resource [mem 0x000d0000-0x000d3fff]",
"pci_bus 0000:00: root bus resource [mem 0x000d4000-0x000d7fff]",
"pci_bus 0000:00: root bus resource [mem 0x000d8000-0x000dbfff]",
"pci_bus 0000:00: root bus resource [mem 0x000dc000-0x000dffff]",
"pci_bus 0000:00: root bus resource [mem 0xcfe00000-0xfeafffff]",
"pci 0000:00:00.0: [8086:0154] type 00 class 0x060000",
"pci 0000:00:01.0: [8086:0151] type 01 class 0x060400",
"pci 0000:00:01.0: PME# supported from D0 D3hot D3cold",
"pci 0000:01:00.0: reg 0x24: [io  0xe000-0xe07f]",
"pci 0000:01:00.0: reg 0x30: [mem 0xf7000000-0xf707ffff pref]",
"NetLabel:  domain hash size = 128",
"NetLabel:  protocols = UNLABELED CIPSOv4",
"NetLabel:  unlabeled traffic allowed by default",
"hpet0: at MMIO 0xfed00000, IRQs 2, 8, 0, 0, 0, 0, 0, 0",
"hpet0: 8 comparators, 64-bit 14.318180 MHz counter",
"Switched to clocksource hpet",
"AppArmor: AppArmor Filesystem Enabled",
"pnp: PnP ACPI init",
"system 00:00: [mem 0xfed40000-0xfed44fff] has been reserved",
"system 00:00: Plug and Play ACPI device, IDs PNP0c01 (active)",
"system 00:01: [io  0x0680-0x069f] has been reserved",
"system 00:01: [io  0x1000-0x100f] has been reserved",
"system 00:01: [io  0xffff] has been reserved",
"system 00:01: [io  0xffff] has been reserved",
"system 00:01: [io  0x0400-0x0453] could not be reserved",
"system 00:01: [io  0x0458-0x047f] has been reserved",
"system 00:01: [io  0x0500-0x057f] has been reserved",
"system 00:01: [io  0x164e-0x164f] has been reserved",
"system 00:01: Plug and Play ACPI device, IDs PNP0c02 (active)",
"pnp 00:02: Plug and Play ACPI device, IDs PNP0b00 (active)",
"system 00:03: [io  0x0454-0x0457] has been reserved",
"system 00:03: Plug and Play ACPI device, IDs INT3f0d PNP0c02 (active)",
"system 00:04: [io  0x04d0-0x04d1] has been reserved",
"system 00:04: Plug and Play ACPI device, IDs PNP0c02 (active)",
"pnp 00:05: Plug and Play ACPI device, IDs ETD0108 SYN0a00 SYN0002 PNP0f03 PNP0f13 PNP0f12 (active)",
"pnp 00:06: Plug and Play ACPI device, IDs ATK3001 PNP030b (active)",
"system 00:07: [mem 0xfed1c000-0xfed1ffff] has been reserved",
"system 00:07: [mem 0xfed10000-0xfed17fff] has been reserved",
"system 00:07: [mem 0xfed18000-0xfed18fff] has been reserved",
"system 00:07: [mem 0xfed19000-0xfed19fff] has been reserved",
"system 00:07: [mem 0xf8000000-0xfbffffff] has been reserved",
"system 00:07: [mem 0xfed20000-0xfed3ffff] has been reserved",
"system 00:07: [mem 0xfed90000-0xfed93fff] has been reserved",
"system 00:07: [mem 0xfed45000-0xfed8ffff] has been reserved",
"system 00:07: [mem 0xff000000-0xffffffff] has been reserved",
"system 00:07: [mem 0xfee00000-0xfeefffff] could not be reserved",
"system 00:07: [mem 0xcfe00000-0xcfe00fff] has been reserved",
"system 00:07: Plug and Play ACPI device, IDs PNP0c02 (active)",
"system 00:08: [mem 0xcfe00000-0xcfe00fff] has been reserved",
"system 00:08: Plug and Play ACPI device, IDs PNP0c02 (active)",
"system 00:09: [mem 0x20000000-0x201fffff] has been reserved",
"system 00:09: [mem 0x40004000-0x40004fff] has been reserved",
"system 00:09: Plug and Play ACPI device, IDs PNP0c01 (active)",
"pnp: PnP ACPI: found 10 devices",
"pci 0000:00:01.0: PCI bridge to [bus 01]",
"pci 0000:00:01.0:   bridge window [io  0xe000-0xefff]",
"pci 0000:00:01.0:   bridge window [mem 0xf6000000-0xf70fffff]",
"pci 0000:00:01.0:   bridge window [mem 0xe0000000-0xf1ffffff 64bit pref]",
"pci 0000:00:1c.0: PCI bridge to [bus 02]",
"pci 0000:00:1c.1: PCI bridge to [bus 03]",
"pci 0000:00:1c.1:   bridge window [mem 0xf7900000-0xf79fffff]",
"pci 0000:00:1c.3: PCI bridge to [bus 04]",
"pci 0000:00:1c.3:   bridge window [io  0xd000-0xdfff]",
"pci 0000:00:1c.3:   bridge window [mem 0xf7800000-0xf78fffff]",
"pci_bus 0000:00: resource 4 [io  0x0000-0x0cf7]",
"pci_bus 0000:00: resource 5 [io  0x0d00-0xffff]",
"pci_bus 0000:00: resource 6 [mem 0x000a0000-0x000bffff]",
"pci_bus 0000:00: resource 7 [mem 0x000c0000-0x000c3fff]",
"pci_bus 0000:00: resource 8 [mem 0x000c4000-0x000c7fff]",
"pci_bus 0000:00: resource 9 [mem 0x000c8000-0x000cbfff]",
"pci_bus 0000:00: resource 10 [mem 0x000cc000-0x000cffff]",
"pci_bus 0000:00: resource 11 [mem 0x000d0000-0x000d3fff]",
"pci_bus 0000:00: resource 12 [mem 0x000d4000-0x000d7fff]",
"pci_bus 0000:00: resource 13 [mem 0x000d8000-0x000dbfff]",
"pci_bus 0000:00: resource 14 [mem 0x000dc000-0x000dffff]",
"pci_bus 0000:00: resource 15 [mem 0xcfe00000-0xfeafffff]",
"pci_bus 0000:01: resource 0 [io  0xe000-0xefff]",
"pci_bus 0000:01: resource 1 [mem 0xf6000000-0xf70fffff]",
"pci_bus 0000:01: resource 2 [mem 0xe0000000-0xf1ffffff 64bit pref]",
"pci_bus 0000:03: resource 1 [mem 0xf7900000-0xf79fffff]",
"pci_bus 0000:04: resource 0 [io  0xd000-0xdfff]",
"pci_bus 0000:04: resource 1 [mem 0xf7800000-0xf78fffff]",
"NET: Registered protocol family 2",
"TCP established hash table entries: 131072 (order: 8, 1048576 bytes)",
"TCP bind hash table entries: 65536 (order: 8, 1048576 bytes)",
"TCP: Hash tables configured (established 131072 bind 65536)",
"TCP: reno registered",
"UDP hash table entries: 8192 (order: 6, 262144 bytes)",
"UDP-Lite hash table entries: 8192 (order: 6, 262144 bytes)",
"NET: Registered protocol family 1",
"pci 0000:00:02.0: Video device with shadowed ROM",
"ehci-pci 0000:00:1d.0: irq 23, io mem 0xf7a17000",
"ehci-pci 0000:00:1d.0: USB 2.0 started, EHCI 1.00",
"usb usb4: New USB device found, idVendor=1d6b, idProduct=0002",
"usb usb4: New USB device strings: Mfr=3, Product=2, SerialNumber=1",
"usb usb4: Product: EHCI Host Controller",
"usb usb4: Manufacturer: Linux 3.19.0-21-generic ehci_hcd",
"usb usb4: SerialNumber: 0000:00:1d.0",
"hub 4-0:1.0: USB hub found",
"hub 4-0:1.0: 2 ports detected",
"ehci-platform: EHCI generic platform driver",
"ohci_hcd: USB 1.1 'Open' Host Controller (OHCI) Driver",
"ohci-pci: OHCI PCI platform driver",
"ohci-platform: OHCI generic platform driver",
"uhci_hcd: USB Universal Host Controller Interface driver",
"i8042: PNP: PS/2 Controller [PNP030b:PS2K,PNP0f03:PS2M] at 0x60,0x64 irq 1,12",
"i8042: Detected active multiplexing controller, rev 1.1",
"serio: i8042 KBD port at 0x60,0x64 irq 1",
"serio: i8042 AUX0 port at 0x60,0x64 irq 12",
"serio: i8042 AUX1 port at 0x60,0x64 irq 12",
"serio: i8042 AUX2 port at 0x60,0x64 irq 12",
"serio: i8042 AUX3 port at 0x60,0x64 irq 12",
"mousedev: PS/2 mouse device common for all mice",
"rtc_cmos 00:02: RTC can wake from S4",
"rtc_cmos 00:02: rtc core: registered rtc_cmos as rtc0",
"rtc_cmos 00:02: alarms up to one month, y3k, 242 bytes nvram, hpet irqs",
"i2c /dev entries driver",
"device-mapper: uevent: version 1.0.3",
"device-mapper: ioctl: 4.29.0-ioctl (2014-10-28) initialised: dm-devel@redhat.com",
"Intel P-state driver initializing.",
"Consider also installing thermald for improved thermal control.",
"ledtrig-cpu: registered to indicate activity on CPUs",
"EFI Variables Facility v0.08 2004-May-17",
"PCCT header not found.",
"systemd[1]: systemd 219 running in system mode. (+PAM +AUDIT +SELINUX +IMA +APPARMOR +SMACK +SYSVINIT +UTMP +LIBCRYPTSETUP +GCRYPT -GNUTLS +ACL +XZ -LZ4 -SECCOMP +BLKID -ELFUTILS +KMOD -IDN)",
"systemd[1]: Detected architecture x86-64.",
"systemd[1]: Set hostname to <beezlebub>.",
"Switched to clocksource tsc",
"systemd[1]: Cannot add dependency job for unit docker.socket, ignoring: Unit docker.socket is masked.",
"systemd[1]: Reached target Encrypted Volumes.",
"systemd[1]: Starting Encrypted Volumes.",
"systemd[1]: Created slice Root Slice.",
"systemd[1]: Starting Root Slice.",
"systemd[1]: Created slice System Slice.",
"systemd[1]: Starting System Slice.",
"systemd[1]: Reached target Remote File Systems (Pre).",
"systemd[1]: Starting Remote File Systems (Pre).",
"systemd[1]: Started Forward Password Requests to Wall Directory Watch.",
"systemd[1]: Starting Forward Password Requests to Wall Directory Watch.",
"systemd[1]: Listening on fsck to fsckd communication Socket.",
"systemd[1]: Starting fsck to fsckd communication Socket.",
"systemd[1]: Listening on Journal Audit Socket.",
"systemd[1]: Starting Journal Audit Socket.",
"systemd[1]: Listening on Journal Socket.",
"systemd[1]: Starting Journal Socket.",
"systemd[1]: Starting udev Kernel Device Manager...",
"systemd[1]: Started Apply Kernel Variables.",
"systemd[1]: Started Journal Service.",
"random: nonblocking pool is initialized",
"wmi: Mapper loaded",
"shpchp: Standard Hot Plug PCI Controller Driver version: 0.4",
"ACPI Warning: SystemIO range 0x0000000000000428-0x000000000000042f conflicts with OpRegion 0x0000000000000400-0x000000000000044f (\GPIS) (20141107/utaddress-258)",
"ACPI Warning: SystemIO range 0x0000000000000428-0x000000000000042f conflicts with OpRegion 0x0000000000000400-0x000000000000047f (\PMIO) (20141107/utaddress-258)",
"ACPI: This conflict may cause random problems and system instability",
"ACPI: If an ACPI driver is available for this device, you should use it instead of the native driver",
"ACPI Warning: SystemIO range 0x0000000000000540-0x000000000000054f conflicts with OpRegion 0x0000000000000500-0x000000000000057f (\GPIO) (20141107/utaddress-258)",
"ACPI Warning: SystemIO range 0x0000000000000540-0x000000000000054f conflicts with OpRegion 0x0000000000000500-0x0000000000000563 (\GP01) (20141107/utaddress-258)",
"ACPI: This conflict may cause random problems and system instability",
"ACPI: If an ACPI driver is available for this device, you should use it instead of the native driver",
"ACPI Warning: SystemIO range 0x0000000000000530-0x000000000000053f conflicts with OpRegion 0x0000000000000500-0x000000000000057f (\GPIO) (20141107/utaddress-258)",
"ACPI Warning: SystemIO range 0x0000000000000530-0x000000000000053f conflicts with OpRegion 0x0000000000000500-0x0000000000000563 (\GP01) (20141107/utaddress-258)",
"ACPI: This conflict may cause random problems and system instability",
"ACPI: If an ACPI driver is available for this device, you should use it instead of the native driver",
"ACPI Warning: SystemIO range 0x0000000000000500-0x000000000000052f conflicts with OpRegion 0x0000000000000500-0x000000000000057f (\GPIO) (20141107/utaddress-258)",
"ACPI Warning: SystemIO range 0x0000000000000500-0x000000000000052f conflicts with OpRegion 0x0000000000000500-0x0000000000000563 (\GP01) (20141107/utaddress-258)",
"ACPI: This conflict may cause random problems and system instability",
"ACPI: If an ACPI driver is available for this device, you should use it instead of the native driver",
"[drm] Initialized drm 1.1.0 20060810",
"cfg80211: Calling CRDA to update world regulatory domain",
"Intel(R) Wireless WiFi driver for Linux, in-tree:",
"Copyright(c) 2003- 2014 Intel Corporation",
"iwlwifi 0000:03:00.0: can't disable ASPM; OS doesn't have ASPM control",
"AVX version of gcm_enc/dec engaged.",
"AES CTR mode by8 optimization enabled",
"iwlwifi 0000:03:00.0: loaded firmware version 18.168.6.1 op_mode iwldvm",
"sound hdaudioC0D0:    speaker_outs=0 (0x0/0x0/0x0/0x0/0x0)",
"sound hdaudioC0D0:    hp_outs=1 (0x21/0x0/0x0/0x0/0x0)",
"sound hdaudioC0D0:    mono: mono_out=0x0",
"sound hdaudioC0D0:    dig-out=0x1e/0x0",
"sound hdaudioC0D0:    inputs:",
"vboxdrv: Successfully loaded version 4.3.26_Ubuntu (interface 0x001a000a).",
"vboxpci: IOMMU not found (not registered)",
"ip_tables: (C) 2000-2006 Netfilter Core Team",
"ip6_tables: (C) 2000-2006 Netfilter Core Team",
"Ebtables v2.0 registered",
"bridge: automatic filtering via arp/ip/ip6tables has been deprecated. Update your scripts to load br_netfilter if you need this.",
"Initialising...",""];